{"name":"Paul","age":30,"position":["dev",["Company",{"name":"Dialo"}]],"version":2,"skills":[{"domain":"design","name":"typography"},{"domain":"computer science","name":"ocaml"}]}
---
{"name":"Paul","age":30,"position":["dev",["Company",{"name":"Dialo"}]],"version":2,"skills":[{"domain":"design","name":"typography"},{"domain":"computer science","name":"ocaml"}]}
---
{"name":"Paul","age":30,"position":["dev",["Company",{"name":"Dialo","turnover":133700000}]],"version":2,"skills":[{"domain":"design","name":"typography"},{"domain":"computer science","name":"ocaml"}]}
---
{"name":"Paul","age":30,"position":["dev",["Company",{"name":"Dialo","turnover":133700000}]],"version":2,"skills":[{"domain":"design","name":"typography"},{"domain":"computer science","name":"ocaml"}]}
---
